Flow report for WaveformGenFreqSelecAmpSelec
Sat May 22 12:08:30 2021
Quartus II 64-Bit Version 13.0.1 Build 232 06/12/2013 Service Pack 1 SJ Web Edition


---------------------
; Table of Contents ;
---------------------
  1. Legal Notice
  2. Flow Summary
  3. Flow Settings
  4. Flow Non-Default Global Settings
  5. Flow Elapsed Time
  6. Flow OS Summary
  7. Flow Log
  8. Flow Messages
  9. Flow Suppressed Messages



----------------
; Legal Notice ;
----------------
Copyright (C) 1991-2013 Altera Corporation
Your use of Altera Corporation's design tools, logic functions 
and other software and tools, and its AMPP partner logic 
functions, and any output files from any of the foregoing 
(including device programming or simulation files), and any 
associated documentation or information are expressly subject 
to the terms and conditions of the Altera Program License 
Subscription Agreement, Altera MegaCore Function License 
Agreement, or other applicable license agreement, including, 
without limitation, that your use is for the sole purpose of 
programming logic devices manufactured by Altera and sold by 
Altera or its authorized distributors.  Please refer to the 
applicable agreement for further details.



+--------------------------------------------------------------------------------------+
; Flow Summary                                                                         ;
+------------------------------------+-------------------------------------------------+
; Flow Status                        ; Successful - Sat May 22 12:08:30 2021           ;
; Quartus II 64-Bit Version          ; 13.0.1 Build 232 06/12/2013 SP 1 SJ Web Edition ;
; Revision Name                      ; WaveformGenFreqSelecAmpSelec                    ;
; Top-level Entity Name              ; WaveformGenFreqSelecAmpSelec                    ;
; Family                             ; Cyclone IV E                                    ;
; Total logic elements               ; 303 / 6,272 ( 5 % )                             ;
;     Total combinational functions  ; 303 / 6,272 ( 5 % )                             ;
;     Dedicated logic registers      ; 57 / 6,272 ( < 1 % )                            ;
; Total registers                    ; 57                                              ;
; Total pins                         ; 57 / 92 ( 62 % )                                ;
; Total virtual pins                 ; 0                                               ;
; Total memory bits                  ; 2,048 / 276,480 ( < 1 % )                       ;
; Embedded Multiplier 9-bit elements ; 0 / 30 ( 0 % )                                  ;
; Total PLLs                         ; 0 / 2 ( 0 % )                                   ;
; Device                             ; EP4CE6E22C6                                     ;
; Timing Models                      ; Final                                           ;
+------------------------------------+-------------------------------------------------+


+--------------------------------------------------+
; Flow Settings                                    ;
+-------------------+------------------------------+
; Option            ; Setting                      ;
+-------------------+------------------------------+
; Start date & time ; 05/22/2021 12:06:49          ;
; Main task         ; Compilation                  ;
; Revision Name     ; WaveformGenFreqSelecAmpSelec ;
+-------------------+------------------------------+


+--------------------------------------------------------------------------------------------------------------------+
; Flow Non-Default Global Settings                                                                                   ;
+-------------------------------------+-------------------------------+---------------+-------------+----------------+
; Assignment Name                     ; Value                         ; Default Value ; Entity Name ; Section Id     ;
+-------------------------------------+-------------------------------+---------------+-------------+----------------+
; COMPILER_SIGNATURE_ID               ; 1096757368883.162166900802372 ; --            ; --          ; --             ;
; EDA_OUTPUT_DATA_FORMAT              ; Verilog Hdl                   ; --            ; --          ; eda_simulation ;
; EDA_SIMULATION_TOOL                 ; ModelSim-Altera (Verilog)     ; <None>        ; --          ; --             ;
; IP_TOOL_NAME                        ; ROM: 1-PORT                   ; --            ; --          ; --             ;
; IP_TOOL_VERSION                     ; 13.0                          ; --            ; --          ; --             ;
; MISC_FILE                           ; rom1.bsf                      ; --            ; --          ; --             ;
; MISC_FILE                           ; rom1_bb.v                     ; --            ; --          ; --             ;
; PARTITION_COLOR                     ; 16764057                      ; --            ; --          ; Top            ;
; PARTITION_FITTER_PRESERVATION_LEVEL ; PLACEMENT_AND_ROUTING         ; --            ; --          ; Top            ;
; PARTITION_NETLIST_TYPE              ; SOURCE                        ; --            ; --          ; Top            ;
; PROJECT_OUTPUT_DIRECTORY            ; output_files                  ; --            ; --          ; --             ;
+-------------------------------------+-------------------------------+---------------+-------------+----------------+


+-------------------------------------------------------------------------------------------------------------------------------+
; Flow Elapsed Time                                                                                                             ;
+---------------------------+--------------+-------------------------+---------------------+------------------------------------+
; Module Name               ; Elapsed Time ; Average Processors Used ; Peak Virtual Memory ; Total CPU Time (on all processors) ;
+---------------------------+--------------+-------------------------+---------------------+------------------------------------+
; Analysis & Synthesis      ; 00:00:20     ; 1.0                     ; 4585 MB             ; 00:00:18                           ;
; Fitter                    ; 00:00:32     ; 1.0                     ; 4837 MB             ; 00:00:30                           ;
; Assembler                 ; 00:00:13     ; 1.0                     ; 4549 MB             ; 00:00:13                           ;
; TimeQuest Timing Analyzer ; 00:00:20     ; 1.0                     ; 4603 MB             ; 00:00:18                           ;
; EDA Netlist Writer        ; 00:00:13     ; 1.0                     ; 4513 MB             ; 00:00:12                           ;
; Total                     ; 00:01:38     ; --                      ; --                  ; 00:01:31                           ;
+---------------------------+--------------+-------------------------+---------------------+------------------------------------+


+----------------------------------------------------------------------------------------+
; Flow OS Summary                                                                        ;
+---------------------------+------------------+-----------+------------+----------------+
; Module Name               ; Machine Hostname ; OS Name   ; OS Version ; Processor type ;
+---------------------------+------------------+-----------+------------+----------------+
; Analysis & Synthesis      ; LAPTOP-NHLITMAS  ; Windows 7 ; 6.2        ; x86_64         ;
; Fitter                    ; LAPTOP-NHLITMAS  ; Windows 7 ; 6.2        ; x86_64         ;
; Assembler                 ; LAPTOP-NHLITMAS  ; Windows 7 ; 6.2        ; x86_64         ;
; TimeQuest Timing Analyzer ; LAPTOP-NHLITMAS  ; Windows 7 ; 6.2        ; x86_64         ;
; EDA Netlist Writer        ; LAPTOP-NHLITMAS  ; Windows 7 ; 6.2        ; x86_64         ;
+---------------------------+------------------+-----------+------------+----------------+


------------
; Flow Log ;
------------
quartus_map --read_settings_files=on --write_settings_files=off WaveformGenFreqSelecAmpSelec -c WaveformGenFreqSelecAmpSelec
quartus_fit --read_settings_files=off --write_settings_files=off WaveformGenFreqSelecAmpSelec -c WaveformGenFreqSelecAmpSelec
quartus_asm --read_settings_files=off --write_settings_files=off WaveformGenFreqSelecAmpSelec -c WaveformGenFreqSelecAmpSelec
quartus_sta WaveformGenFreqSelecAmpSelec -c WaveformGenFreqSelecAmpSelec
quartus_eda --read_settings_files=off --write_settings_files=off WaveformGenFreqSelecAmpSelec -c WaveformGenFreqSelecAmpSelec



