------------------------------------------------------------
TimeQuest Timing Analyzer Summary
------------------------------------------------------------

Type  : Slow 1200mV 85C Model Setup 'clkdiv8:inst3|cout'
Slack : -3.089
TNS   : -61.613

Type  : Slow 1200mV 85C Model Setup 'clk'
Slack : -2.276
TNS   : -46.359

Type  : Slow 1200mV 85C Model Hold 'clk'
Slack : 0.227
TNS   : 0.000

Type  : Slow 1200mV 85C Model Hold 'clkdiv8:inst3|cout'
Slack : 0.360
TNS   : 0.000

Type  : Slow 1200mV 85C Model Recovery 'clk'
Slack : 0.060
TNS   : 0.000

Type  : Slow 1200mV 85C Model Recovery 'clkdiv8:inst3|cout'
Slack : 0.750
TNS   : 0.000

Type  : Slow 1200mV 85C Model Removal 'clkdiv8:inst3|cout'
Slack : -0.834
TNS   : -33.336

Type  : Slow 1200mV 85C Model Removal 'clk'
Slack : -0.110
TNS   : -0.880

Type  : Slow 1200mV 85C Model Minimum Pulse Width 'clk'
Slack : -3.000
TNS   : -39.566

Type  : Slow 1200mV 85C Model Minimum Pulse Width 'rst'
Slack : -3.000
TNS   : -3.000

Type  : Slow 1200mV 85C Model Minimum Pulse Width 'clkdiv8:inst3|cout'
Slack : -1.000
TNS   : -40.000

Type  : Slow 1200mV 0C Model Setup 'clkdiv8:inst3|cout'
Slack : -2.642
TNS   : -50.364

Type  : Slow 1200mV 0C Model Setup 'clk'
Slack : -1.932
TNS   : -39.123

Type  : Slow 1200mV 0C Model Hold 'clk'
Slack : 0.215
TNS   : 0.000

Type  : Slow 1200mV 0C Model Hold 'clkdiv8:inst3|cout'
Slack : 0.320
TNS   : 0.000

Type  : Slow 1200mV 0C Model Recovery 'clk'
Slack : 0.116
TNS   : 0.000

Type  : Slow 1200mV 0C Model Recovery 'clkdiv8:inst3|cout'
Slack : 0.743
TNS   : 0.000

Type  : Slow 1200mV 0C Model Removal 'clkdiv8:inst3|cout'
Slack : -0.776
TNS   : -31.024

Type  : Slow 1200mV 0C Model Removal 'clk'
Slack : -0.116
TNS   : -0.928

Type  : Slow 1200mV 0C Model Minimum Pulse Width 'clk'
Slack : -3.000
TNS   : -39.566

Type  : Slow 1200mV 0C Model Minimum Pulse Width 'rst'
Slack : -3.000
TNS   : -3.000

Type  : Slow 1200mV 0C Model Minimum Pulse Width 'clkdiv8:inst3|cout'
Slack : -1.000
TNS   : -40.000

Type  : Fast 1200mV 0C Model Setup 'clk'
Slack : -1.409
TNS   : -17.602

Type  : Fast 1200mV 0C Model Setup 'clkdiv8:inst3|cout'
Slack : -1.287
TNS   : -18.497

Type  : Fast 1200mV 0C Model Hold 'clk'
Slack : 0.055
TNS   : 0.000

Type  : Fast 1200mV 0C Model Hold 'clkdiv8:inst3|cout'
Slack : 0.194
TNS   : 0.000

Type  : Fast 1200mV 0C Model Recovery 'clk'
Slack : -0.060
TNS   : -0.480

Type  : Fast 1200mV 0C Model Recovery 'clkdiv8:inst3|cout'
Slack : 0.319
TNS   : 0.000

Type  : Fast 1200mV 0C Model Removal 'clkdiv8:inst3|cout'
Slack : -0.460
TNS   : -18.400

Type  : Fast 1200mV 0C Model Removal 'clk'
Slack : -0.074
TNS   : -0.592

Type  : Fast 1200mV 0C Model Minimum Pulse Width 'clk'
Slack : -3.000
TNS   : -31.223

Type  : Fast 1200mV 0C Model Minimum Pulse Width 'rst'
Slack : -3.000
TNS   : -3.000

Type  : Fast 1200mV 0C Model Minimum Pulse Width 'clkdiv8:inst3|cout'
Slack : -1.000
TNS   : -40.000

------------------------------------------------------------
